mode: set
first-task-alterra/internal/features/todos/handler/request.go:17.53,21.2 1 0
first-task-alterra/internal/features/todos/handler/request.go:23.53,29.2 1 0
first-task-alterra/internal/features/todos/handler/response.go:14.51,21.2 1 0
first-task-alterra/internal/features/todos/handler/todos.go:16.56,20.2 1 0
first-task-alterra/internal/features/todos/handler/todos.go:22.54,23.36 1 0
first-task-alterra/internal/features/todos/handler/todos.go:23.36,26.17 3 0
first-task-alterra/internal/features/todos/handler/todos.go:26.17,28.4 1 0
first-task-alterra/internal/features/todos/handler/todos.go:29.3,32.17 3 0
first-task-alterra/internal/features/todos/handler/todos.go:32.17,34.4 1 0
first-task-alterra/internal/features/todos/handler/todos.go:35.3,35.77 1 0
first-task-alterra/internal/features/todos/handler/todos.go:39.57,40.36 1 0
first-task-alterra/internal/features/todos/handler/todos.go:40.36,43.17 3 0
first-task-alterra/internal/features/todos/handler/todos.go:43.17,45.4 1 0
first-task-alterra/internal/features/todos/handler/todos.go:46.3,49.17 3 0
first-task-alterra/internal/features/todos/handler/todos.go:49.17,51.4 1 0
first-task-alterra/internal/features/todos/handler/todos.go:52.3,53.17 2 0
first-task-alterra/internal/features/todos/handler/todos.go:53.17,55.4 1 0
first-task-alterra/internal/features/todos/handler/todos.go:56.3,56.77 1 0
first-task-alterra/internal/features/todos/handler/todos.go:60.55,61.36 1 0
first-task-alterra/internal/features/todos/handler/todos.go:61.36,64.17 3 0
first-task-alterra/internal/features/todos/handler/todos.go:64.17,66.4 1 0
first-task-alterra/internal/features/todos/handler/todos.go:67.3,67.79 1 0
first-task-alterra/internal/features/todos/handler/todos.go:71.57,72.36 1 0
first-task-alterra/internal/features/todos/handler/todos.go:72.36,75.17 3 0
first-task-alterra/internal/features/todos/handler/todos.go:75.17,77.4 1 0
first-task-alterra/internal/features/todos/handler/todos.go:78.3,79.17 2 0
first-task-alterra/internal/features/todos/handler/todos.go:79.17,81.4 1 0
first-task-alterra/internal/features/todos/handler/todos.go:82.3,82.77 1 0
first-task-alterra/internal/features/todos/todo.go:20.30,21.24 1 0
first-task-alterra/configs/config.go:21.30,24.16 3 0
first-task-alterra/configs/config.go:24.16,26.3 1 0
first-task-alterra/configs/config.go:27.2,32.15 6 0
first-task-alterra/configs/config.go:35.45,43.16 3 0
first-task-alterra/configs/config.go:43.16,45.3 1 0
first-task-alterra/configs/config.go:46.2,46.16 1 0
first-task-alterra/main.go:9.13,15.2 3 0
first-task-alterra/internal/features/todos/repository/data.go:16.42,23.2 1 0
first-task-alterra/internal/features/todos/repository/data.go:25.40,31.2 1 0
first-task-alterra/internal/features/todos/repository/query.go:15.52,19.2 1 0
first-task-alterra/internal/features/todos/repository/query.go:21.53,23.16 2 0
first-task-alterra/internal/features/todos/repository/query.go:23.16,25.3 1 0
first-task-alterra/internal/features/todos/repository/query.go:26.2,26.12 1 0
first-task-alterra/internal/features/todos/repository/query.go:29.56,31.16 2 0
first-task-alterra/internal/features/todos/repository/query.go:31.16,33.3 1 0
first-task-alterra/internal/features/todos/repository/query.go:34.2,34.12 1 0
first-task-alterra/internal/features/todos/repository/query.go:37.59,40.16 3 0
first-task-alterra/internal/features/todos/repository/query.go:40.16,41.45 1 0
first-task-alterra/internal/features/todos/repository/query.go:41.45,43.4 1 0
first-task-alterra/internal/features/todos/repository/query.go:44.3,44.27 1 0
first-task-alterra/internal/features/todos/repository/query.go:46.2,46.18 1 0
first-task-alterra/internal/features/todos/repository/query.go:49.65,52.16 3 0
first-task-alterra/internal/features/todos/repository/query.go:52.16,53.45 1 0
first-task-alterra/internal/features/todos/repository/query.go:53.45,55.4 1 0
first-task-alterra/internal/features/todos/repository/query.go:56.3,56.29 1 0
first-task-alterra/internal/features/todos/repository/query.go:58.2,58.18 1 0
first-task-alterra/internal/features/todos/repository/query.go:61.62,64.16 3 0
first-task-alterra/internal/features/todos/repository/query.go:64.16,66.3 1 0
first-task-alterra/internal/features/todos/repository/query.go:67.2,69.16 3 0
first-task-alterra/internal/features/todos/repository/query.go:69.16,71.3 1 0
first-task-alterra/internal/features/todos/repository/query.go:73.2,73.18 1 0
first-task-alterra/internal/factory/factory.go:21.32,24.16 3 0
first-task-alterra/internal/factory/factory.go:24.16,26.3 1 0
first-task-alterra/internal/factory/factory.go:27.2,27.63 1 0
first-task-alterra/internal/factory/factory.go:27.63,29.3 1 0
first-task-alterra/internal/factory/factory.go:30.2,30.63 1 0
first-task-alterra/internal/factory/factory.go:30.63,32.3 1 0
first-task-alterra/internal/factory/factory.go:34.2,46.29 10 0
first-task-alterra/internal/features/todos/services/service.go:12.51,16.2 1 0
first-task-alterra/internal/features/todos/services/service.go:18.72,25.16 6 0
first-task-alterra/internal/features/todos/services/service.go:25.16,27.3 1 0
first-task-alterra/internal/features/todos/services/service.go:28.2,28.12 1 0
first-task-alterra/internal/features/todos/services/service.go:31.97,33.16 2 0
first-task-alterra/internal/features/todos/services/service.go:33.16,35.3 1 0
first-task-alterra/internal/features/todos/services/service.go:36.2,42.16 6 0
first-task-alterra/internal/features/todos/services/service.go:42.16,44.3 1 0
first-task-alterra/internal/features/todos/services/service.go:45.2,45.12 1 0
first-task-alterra/internal/features/todos/services/service.go:48.68,50.16 2 0
first-task-alterra/internal/features/todos/services/service.go:50.16,52.3 1 0
first-task-alterra/internal/features/todos/services/service.go:53.2,53.18 1 0
first-task-alterra/internal/features/todos/services/service.go:56.65,58.16 2 0
first-task-alterra/internal/features/todos/services/service.go:58.16,60.3 1 0
first-task-alterra/internal/features/todos/services/service.go:61.2,61.18 1 0
first-task-alterra/internal/features/users/handler/request.go:21.49,23.16 2 0
first-task-alterra/internal/features/users/handler/request.go:23.16,25.3 1 0
first-task-alterra/internal/features/users/handler/request.go:26.2,32.3 1 0
first-task-alterra/internal/features/users/handler/response.go:15.65,25.2 1 0
first-task-alterra/internal/features/users/handler/users.go:15.56,19.2 1 0
first-task-alterra/internal/features/users/handler/users.go:21.55,22.36 1 0
first-task-alterra/internal/features/users/handler/users.go:22.36,25.17 3 0
first-task-alterra/internal/features/users/handler/users.go:25.17,28.4 2 0
first-task-alterra/internal/features/users/handler/users.go:30.3,32.17 2 0
first-task-alterra/internal/features/users/handler/users.go:32.17,34.55 2 0
first-task-alterra/internal/features/users/handler/users.go:34.55,36.5 1 0
first-task-alterra/internal/features/users/handler/users.go:37.4,37.75 1 0
first-task-alterra/internal/features/users/handler/users.go:40.3,40.77 1 0
first-task-alterra/internal/features/users/handler/users.go:44.52,45.36 1 0
first-task-alterra/internal/features/users/handler/users.go:45.36,48.17 3 0
first-task-alterra/internal/features/users/handler/users.go:48.17,51.4 2 0
first-task-alterra/internal/features/users/handler/users.go:53.3,55.17 2 0
first-task-alterra/internal/features/users/handler/users.go:55.17,57.59 2 0
first-task-alterra/internal/features/users/handler/users.go:57.59,59.5 1 0
first-task-alterra/internal/features/users/handler/users.go:60.4,60.75 1 0
first-task-alterra/internal/features/users/handler/users.go:63.3,63.97 1 0
first-task-alterra/internal/features/users/repository/data.go:21.42,30.2 1 0
first-task-alterra/internal/features/users/repository/data.go:32.40,40.2 1 0
first-task-alterra/internal/features/users/repository/query.go:13.52,17.2 1 0
first-task-alterra/internal/features/users/repository/query.go:19.62,22.16 3 0
first-task-alterra/internal/features/users/repository/query.go:22.16,24.3 1 0
first-task-alterra/internal/features/users/repository/query.go:25.2,25.35 1 0
first-task-alterra/internal/features/users/repository/query.go:28.57,31.2 2 0
first-task-alterra/internal/helper/response.go:3.72,7.17 4 0
first-task-alterra/internal/helper/response.go:7.17,9.3 1 0
first-task-alterra/internal/helper/response.go:10.2,10.15 1 0
first-task-alterra/internal/routes/route.go:14.66,15.45 1 0
first-task-alterra/internal/routes/route.go:15.45,17.3 1 0
first-task-alterra/internal/routes/route.go:19.2,21.18 3 0
first-task-alterra/internal/routes/route.go:24.48,26.18 2 0
first-task-alterra/internal/routes/route.go:26.18,28.3 1 0
first-task-alterra/internal/routes/route.go:30.2,40.35 6 0
first-task-alterra/internal/utils/inttouint.go:7.41,8.15 1 0
first-task-alterra/internal/utils/inttouint.go:8.15,10.3 1 0
first-task-alterra/internal/utils/inttouint.go:11.2,11.25 1 0
first-task-alterra/internal/utils/jwt.go:12.49,14.18 2 0
first-task-alterra/internal/utils/jwt.go:14.18,16.3 1 0
first-task-alterra/internal/utils/jwt.go:17.2,24.16 7 0
first-task-alterra/internal/utils/jwt.go:24.16,26.3 1 0
first-task-alterra/internal/utils/jwt.go:27.2,27.20 1 0
first-task-alterra/internal/utils/jwt.go:30.41,34.2 3 0
first-task-alterra/internal/utils/password.go:11.52,13.2 1 0
first-task-alterra/internal/utils/password.go:15.79,17.16 2 0
first-task-alterra/internal/utils/password.go:17.16,19.3 1 0
first-task-alterra/internal/utils/password.go:21.2,21.20 1 0
first-task-alterra/internal/utils/password.go:24.82,26.2 1 0
first-task-alterra/internal/utils/stringtodate.go:8.56,9.21 1 0
first-task-alterra/internal/utils/stringtodate.go:9.21,11.3 1 0
first-task-alterra/internal/utils/stringtodate.go:12.2,14.16 3 0
first-task-alterra/internal/utils/stringtodate.go:14.16,16.3 1 0
first-task-alterra/internal/utils/stringtodate.go:17.2,17.24 1 0
first-task-alterra/internal/utils/stringtouint.go:8.44,10.16 2 0
first-task-alterra/internal/utils/stringtouint.go:10.16,12.3 1 0
first-task-alterra/internal/utils/stringtouint.go:13.2,14.21 2 0
first-task-alterra/mocks/Handler.go:16.45,19.19 2 0
first-task-alterra/mocks/Handler.go:19.19,20.47 1 0
first-task-alterra/mocks/Handler.go:23.2,24.56 2 0
first-task-alterra/mocks/Handler.go:24.56,26.3 1 0
first-task-alterra/mocks/Handler.go:26.8,27.24 1 0
first-task-alterra/mocks/Handler.go:27.24,29.4 1 0
first-task-alterra/mocks/Handler.go:32.2,32.11 1 0
first-task-alterra/mocks/Handler.go:36.48,39.19 2 0
first-task-alterra/mocks/Handler.go:39.19,40.50 1 0
first-task-alterra/mocks/Handler.go:43.2,44.56 2 0
first-task-alterra/mocks/Handler.go:44.56,46.3 1 0
first-task-alterra/mocks/Handler.go:46.8,47.24 1 0
first-task-alterra/mocks/Handler.go:47.24,49.4 1 0
first-task-alterra/mocks/Handler.go:52.2,52.11 1 0
first-task-alterra/mocks/Handler.go:60.13,64.19 3 0
first-task-alterra/mocks/Handler.go:64.19,64.49 1 0
first-task-alterra/mocks/Handler.go:66.2,66.13 1 0
first-task-alterra/mocks/PasswordUtilityInterface.go:13.91,16.19 2 0
first-task-alterra/mocks/PasswordUtilityInterface.go:16.19,17.55 1 0
first-task-alterra/mocks/PasswordUtilityInterface.go:20.2,21.59 2 0
first-task-alterra/mocks/PasswordUtilityInterface.go:21.59,23.3 1 0
first-task-alterra/mocks/PasswordUtilityInterface.go:23.8,25.3 1 0
first-task-alterra/mocks/PasswordUtilityInterface.go:27.2,27.11 1 0
first-task-alterra/mocks/PasswordUtilityInterface.go:31.88,34.19 2 0
first-task-alterra/mocks/PasswordUtilityInterface.go:34.19,35.58 1 0
first-task-alterra/mocks/PasswordUtilityInterface.go:38.2,40.61 3 0
first-task-alterra/mocks/PasswordUtilityInterface.go:40.61,42.3 1 0
first-task-alterra/mocks/PasswordUtilityInterface.go:43.2,43.52 1 0
first-task-alterra/mocks/PasswordUtilityInterface.go:43.52,45.3 1 0
first-task-alterra/mocks/PasswordUtilityInterface.go:45.8,46.24 1 0
first-task-alterra/mocks/PasswordUtilityInterface.go:46.24,48.4 1 0
first-task-alterra/mocks/PasswordUtilityInterface.go:51.2,51.51 1 0
first-task-alterra/mocks/PasswordUtilityInterface.go:51.51,53.3 1 0
first-task-alterra/mocks/PasswordUtilityInterface.go:53.8,55.3 1 0
first-task-alterra/mocks/PasswordUtilityInterface.go:57.2,57.15 1 0
first-task-alterra/mocks/PasswordUtilityInterface.go:65.30,69.19 3 0
first-task-alterra/mocks/PasswordUtilityInterface.go:69.19,69.49 1 0
first-task-alterra/mocks/PasswordUtilityInterface.go:71.2,71.13 1 0
first-task-alterra/mocks/Query.go:17.58,20.19 2 0
first-task-alterra/mocks/Query.go:20.19,21.47 1 0
first-task-alterra/mocks/Query.go:24.2,26.65 3 0
first-task-alterra/mocks/Query.go:26.65,28.3 1 0
first-task-alterra/mocks/Query.go:29.2,29.56 1 0
first-task-alterra/mocks/Query.go:29.56,31.3 1 0
first-task-alterra/mocks/Query.go:31.8,33.3 1 0
first-task-alterra/mocks/Query.go:35.2,35.51 1 0
first-task-alterra/mocks/Query.go:35.51,37.3 1 0
first-task-alterra/mocks/Query.go:37.8,39.3 1 0
first-task-alterra/mocks/Query.go:41.2,41.15 1 0
first-task-alterra/mocks/Query.go:45.53,48.19 2 0
first-task-alterra/mocks/Query.go:48.19,49.50 1 0
first-task-alterra/mocks/Query.go:52.2,53.55 2 0
first-task-alterra/mocks/Query.go:53.55,55.3 1 0
first-task-alterra/mocks/Query.go:55.8,57.3 1 0
first-task-alterra/mocks/Query.go:59.2,59.11 1 0
first-task-alterra/mocks/Query.go:67.11,71.19 3 0
first-task-alterra/mocks/Query.go:71.19,71.49 1 0
first-task-alterra/mocks/Query.go:73.2,73.13 1 0
first-task-alterra/mocks/Services.go:17.86,20.19 2 0
first-task-alterra/mocks/Services.go:20.19,21.47 1 0
first-task-alterra/mocks/Services.go:24.2,27.81 4 0
first-task-alterra/mocks/Services.go:27.81,29.3 1 0
first-task-alterra/mocks/Services.go:30.2,30.64 1 0
first-task-alterra/mocks/Services.go:30.64,32.3 1 0
first-task-alterra/mocks/Services.go:32.8,34.3 1 0
first-task-alterra/mocks/Services.go:36.2,36.60 1 0
first-task-alterra/mocks/Services.go:36.60,38.3 1 0
first-task-alterra/mocks/Services.go:38.8,40.3 1 0
first-task-alterra/mocks/Services.go:42.2,42.59 1 0
first-task-alterra/mocks/Services.go:42.59,44.3 1 0
first-task-alterra/mocks/Services.go:44.8,46.3 1 0
first-task-alterra/mocks/Services.go:48.2,48.19 1 0
first-task-alterra/mocks/Services.go:52.56,55.19 2 0
first-task-alterra/mocks/Services.go:55.19,56.50 1 0
first-task-alterra/mocks/Services.go:59.2,60.55 2 0
first-task-alterra/mocks/Services.go:60.55,62.3 1 0
first-task-alterra/mocks/Services.go:62.8,64.3 1 0
first-task-alterra/mocks/Services.go:66.2,66.11 1 0
first-task-alterra/mocks/Services.go:74.14,78.19 3 0
first-task-alterra/mocks/Services.go:78.19,78.49 1 0
first-task-alterra/mocks/Services.go:80.2,80.13 1 0
first-task-alterra/internal/features/users/services/service.go:21.85,27.2 1 1
first-task-alterra/internal/features/users/services/service.go:29.60,32.16 2 1
first-task-alterra/internal/features/users/services/service.go:32.16,35.3 2 1
first-task-alterra/internal/features/users/services/service.go:37.2,42.16 3 1
first-task-alterra/internal/features/users/services/service.go:42.16,45.3 2 1
first-task-alterra/internal/features/users/services/service.go:47.2,47.12 1 1
first-task-alterra/internal/features/users/services/service.go:50.90,54.16 3 1
first-task-alterra/internal/features/users/services/service.go:54.16,57.3 2 0
first-task-alterra/internal/features/users/services/service.go:59.2,60.16 2 1
first-task-alterra/internal/features/users/services/service.go:60.16,62.52 2 0
first-task-alterra/internal/features/users/services/service.go:62.52,64.4 1 0
first-task-alterra/internal/features/users/services/service.go:65.3,65.43 1 0
first-task-alterra/internal/features/users/services/service.go:68.2,70.16 2 0
first-task-alterra/internal/features/users/services/service.go:70.16,72.65 2 0
first-task-alterra/internal/features/users/services/service.go:72.65,74.4 1 0
first-task-alterra/internal/features/users/services/service.go:75.3,75.43 1 0
first-task-alterra/internal/features/users/services/service.go:78.2,79.16 2 0
first-task-alterra/internal/features/users/services/service.go:79.16,81.51 2 0
first-task-alterra/internal/features/users/services/service.go:81.51,83.4 1 0
first-task-alterra/internal/features/users/services/service.go:84.3,84.43 1 0
first-task-alterra/internal/features/users/services/service.go:87.2,87.27 1 0
first-task-alterra/internal/utils/inttouint.go:7.41,8.15 1 0
first-task-alterra/internal/utils/inttouint.go:8.15,10.3 1 0
first-task-alterra/internal/utils/inttouint.go:11.2,11.25 1 0
first-task-alterra/internal/utils/jwt.go:12.49,14.18 2 0
first-task-alterra/internal/utils/jwt.go:14.18,16.3 1 0
first-task-alterra/internal/utils/jwt.go:17.2,24.16 7 0
first-task-alterra/internal/utils/jwt.go:24.16,26.3 1 0
first-task-alterra/internal/utils/jwt.go:27.2,27.20 1 0
first-task-alterra/internal/utils/jwt.go:30.41,34.2 3 0
first-task-alterra/internal/utils/password.go:11.52,13.2 1 0
first-task-alterra/internal/utils/password.go:15.79,17.16 2 0
first-task-alterra/internal/utils/password.go:17.16,19.3 1 0
first-task-alterra/internal/utils/password.go:21.2,21.20 1 0
first-task-alterra/internal/utils/password.go:24.82,26.2 1 0
first-task-alterra/internal/utils/stringtodate.go:8.56,9.21 1 0
first-task-alterra/internal/utils/stringtodate.go:9.21,11.3 1 0
first-task-alterra/internal/utils/stringtodate.go:12.2,14.16 3 0
first-task-alterra/internal/utils/stringtodate.go:14.16,16.3 1 0
first-task-alterra/internal/utils/stringtodate.go:17.2,17.24 1 0
first-task-alterra/internal/utils/stringtouint.go:8.44,10.16 2 0
first-task-alterra/internal/utils/stringtouint.go:10.16,12.3 1 0
first-task-alterra/internal/utils/stringtouint.go:13.2,14.21 2 0
first-task-alterra/mocks/Handler.go:16.45,19.19 2 0
first-task-alterra/mocks/Handler.go:19.19,20.47 1 0
first-task-alterra/mocks/Handler.go:23.2,24.56 2 0
first-task-alterra/mocks/Handler.go:24.56,26.3 1 0
first-task-alterra/mocks/Handler.go:26.8,27.24 1 0
first-task-alterra/mocks/Handler.go:27.24,29.4 1 0
first-task-alterra/mocks/Handler.go:32.2,32.11 1 0
first-task-alterra/mocks/Handler.go:36.48,39.19 2 0
first-task-alterra/mocks/Handler.go:39.19,40.50 1 0
first-task-alterra/mocks/Handler.go:43.2,44.56 2 0
first-task-alterra/mocks/Handler.go:44.56,46.3 1 0
first-task-alterra/mocks/Handler.go:46.8,47.24 1 0
first-task-alterra/mocks/Handler.go:47.24,49.4 1 0
first-task-alterra/mocks/Handler.go:52.2,52.11 1 0
first-task-alterra/mocks/Handler.go:60.13,64.19 3 0
first-task-alterra/mocks/Handler.go:64.19,64.49 1 0
first-task-alterra/mocks/Handler.go:66.2,66.13 1 0
first-task-alterra/mocks/PasswordUtilityInterface.go:13.91,16.19 2 0
first-task-alterra/mocks/PasswordUtilityInterface.go:16.19,17.55 1 0
first-task-alterra/mocks/PasswordUtilityInterface.go:20.2,21.59 2 0
first-task-alterra/mocks/PasswordUtilityInterface.go:21.59,23.3 1 0
first-task-alterra/mocks/PasswordUtilityInterface.go:23.8,25.3 1 0
first-task-alterra/mocks/PasswordUtilityInterface.go:27.2,27.11 1 0
first-task-alterra/mocks/PasswordUtilityInterface.go:31.88,34.19 2 1
first-task-alterra/mocks/PasswordUtilityInterface.go:34.19,35.58 1 0
first-task-alterra/mocks/PasswordUtilityInterface.go:38.2,40.61 3 1
first-task-alterra/mocks/PasswordUtilityInterface.go:40.61,42.3 1 0
first-task-alterra/mocks/PasswordUtilityInterface.go:43.2,43.52 1 1
first-task-alterra/mocks/PasswordUtilityInterface.go:43.52,45.3 1 0
first-task-alterra/mocks/PasswordUtilityInterface.go:45.8,46.24 1 1
first-task-alterra/mocks/PasswordUtilityInterface.go:46.24,48.4 1 1
first-task-alterra/mocks/PasswordUtilityInterface.go:51.2,51.51 1 1
first-task-alterra/mocks/PasswordUtilityInterface.go:51.51,53.3 1 0
first-task-alterra/mocks/PasswordUtilityInterface.go:53.8,55.3 1 1
first-task-alterra/mocks/PasswordUtilityInterface.go:57.2,57.15 1 1
first-task-alterra/mocks/PasswordUtilityInterface.go:65.30,69.19 3 1
first-task-alterra/mocks/PasswordUtilityInterface.go:69.19,69.49 1 1
first-task-alterra/mocks/PasswordUtilityInterface.go:71.2,71.13 1 1
first-task-alterra/mocks/Query.go:17.58,20.19 2 1
first-task-alterra/mocks/Query.go:20.19,21.47 1 0
first-task-alterra/mocks/Query.go:24.2,26.65 3 0
first-task-alterra/mocks/Query.go:26.65,28.3 1 0
first-task-alterra/mocks/Query.go:29.2,29.56 1 0
first-task-alterra/mocks/Query.go:29.56,31.3 1 0
first-task-alterra/mocks/Query.go:31.8,33.3 1 0
first-task-alterra/mocks/Query.go:35.2,35.51 1 0
first-task-alterra/mocks/Query.go:35.51,37.3 1 0
first-task-alterra/mocks/Query.go:37.8,39.3 1 0
first-task-alterra/mocks/Query.go:41.2,41.15 1 0
first-task-alterra/mocks/Query.go:45.53,48.19 2 1
first-task-alterra/mocks/Query.go:48.19,49.50 1 0
first-task-alterra/mocks/Query.go:52.2,53.55 2 1
first-task-alterra/mocks/Query.go:53.55,55.3 1 0
first-task-alterra/mocks/Query.go:55.8,57.3 1 1
first-task-alterra/mocks/Query.go:59.2,59.11 1 1
first-task-alterra/mocks/Query.go:67.11,71.19 3 1
first-task-alterra/mocks/Query.go:71.19,71.49 1 1
first-task-alterra/mocks/Query.go:73.2,73.13 1 1
first-task-alterra/mocks/Services.go:17.86,20.19 2 0
first-task-alterra/mocks/Services.go:20.19,21.47 1 0
first-task-alterra/mocks/Services.go:24.2,27.81 4 0
first-task-alterra/mocks/Services.go:27.81,29.3 1 0
first-task-alterra/mocks/Services.go:30.2,30.64 1 0
first-task-alterra/mocks/Services.go:30.64,32.3 1 0
first-task-alterra/mocks/Services.go:32.8,34.3 1 0
first-task-alterra/mocks/Services.go:36.2,36.60 1 0
first-task-alterra/mocks/Services.go:36.60,38.3 1 0
first-task-alterra/mocks/Services.go:38.8,40.3 1 0
first-task-alterra/mocks/Services.go:42.2,42.59 1 0
first-task-alterra/mocks/Services.go:42.59,44.3 1 0
first-task-alterra/mocks/Services.go:44.8,46.3 1 0
first-task-alterra/mocks/Services.go:48.2,48.19 1 0
first-task-alterra/mocks/Services.go:52.56,55.19 2 0
first-task-alterra/mocks/Services.go:55.19,56.50 1 0
first-task-alterra/mocks/Services.go:59.2,60.55 2 0
first-task-alterra/mocks/Services.go:60.55,62.3 1 0
first-task-alterra/mocks/Services.go:62.8,64.3 1 0
first-task-alterra/mocks/Services.go:66.2,66.11 1 0
first-task-alterra/mocks/Services.go:74.14,78.19 3 0
first-task-alterra/mocks/Services.go:78.19,78.49 1 0
first-task-alterra/mocks/Services.go:80.2,80.13 1 0
